Brockian/FrickeChannelAlgebra.lean:30:0: warning: automatically included section variable(s) unused in theorem `Brockian.FrickeChannelAlgebra.denominator_factorization`:
  [CharZero K]
consider restructuring your `variable` declarations so that the variables are not in scope or explicitly omit them:
  omit [CharZero K] in theorem ...

Note: This linter can be disabled with `set_option linter.unusedSectionVars false`
Brockian/FrickeChannelAlgebra.lean:43:2: warning: Used `tac1 <;> tac2` where `(tac1; tac2)` would suffice

Note: This linter can be disabled with `set_option linter.unnecessarySeqFocus false`
Brockian/FrickeChannelAlgebra.lean:50:2: warning: Used `tac1 <;> tac2` where `(tac1; tac2)` would suffice

Note: This linter can be disabled with `set_option linter.unnecessarySeqFocus false`
Brockian/FrickeChannelAlgebra.lean:57:2: warning: Used `tac1 <;> tac2` where `(tac1; tac2)` would suffice

Note: This linter can be disabled with `set_option linter.unnecessarySeqFocus false`
Brockian/FrickeChannelAlgebra.lean:65:2: warning: Used `tac1 <;> tac2` where `(tac1; tac2)` would suffice

Note: This linter can be disabled with `set_option linter.unnecessarySeqFocus false`
Brockian/FrickeChannelAlgebra.lean:68:0: warning: automatically included section variable(s) unused in theorem `Brockian.FrickeChannelAlgebra.plus_functional_equation`:
  [CharZero K]
consider restructuring your `variable` declarations so that the variables are not in scope or explicitly omit them:
  omit [CharZero K] in theorem ...

Note: This linter can be disabled with `set_option linter.unusedSectionVars false`
Brockian/FrickeChannelAlgebra.lean:75:2: warning: Used `tac1 <;> tac2` where `(tac1; tac2)` would suffice

Note: This linter can be disabled with `set_option linter.unnecessarySeqFocus false`
Brockian/FrickeChannelAlgebra.lean:77:0: warning: automatically included section variable(s) unused in theorem `Brockian.FrickeChannelAlgebra.minus_functional_equation`:
  [CharZero K]
consider restructuring your `variable` declarations so that the variables are not in scope or explicitly omit them:
  omit [CharZero K] in theorem ...

Note: This linter can be disabled with `set_option linter.unusedSectionVars false`
Brockian/FrickeChannelAlgebra.lean:84:6: warning: this tactic is never executed

Note: This linter can be disabled with `set_option linter.unreachableTactic false`
Brockian/FrickeChannelAlgebra.lean:84:6: warning: 'ring' tactic does nothing

Note: This linter can be disabled with `set_option linter.unusedTactic false`
Brockian/FrickeChannelAlgebra.lean:121:0: warning: automatically included section variable(s) unused in theorem `Brockian.FrickeChannelAlgebra.local_channel_parity_five`:
  [CharZero K]
consider restructuring your `variable` declarations so that the variables are not in scope or explicitly omit them:
  omit [CharZero K] in theorem ...

Note: This linter can be disabled with `set_option linter.unusedSectionVars false`
