'Brockian.FrickeChannelAlgebra.denominator_factorization' depends on axioms: [propext, Quot.sound]
'Brockian.FrickeChannelAlgebra.denominator_ne_zero' depends on axioms: [propext, Classical.choice, Quot.sound]
'Brockian.FrickeChannelAlgebra.channel_sum' depends on axioms: [propext, Classical.choice, Quot.sound]
'Brockian.FrickeChannelAlgebra.channel_difference' depends on axioms: [propext, Classical.choice, Quot.sound]
'Brockian.FrickeChannelAlgebra.determinant' depends on axioms: [propext, Classical.choice, Quot.sound]
'Brockian.FrickeChannelAlgebra.channel_product' depends on axioms: [propext, Classical.choice, Quot.sound]
'Brockian.FrickeChannelAlgebra.plus_functional_equation' depends on axioms: [propext, Classical.choice, Quot.sound]
'Brockian.FrickeChannelAlgebra.minus_functional_equation' depends on axioms: [propext, Classical.choice, Quot.sound]
'Brockian.FrickeChannelAlgebra.projector_resolution' depends on axioms: [propext, Classical.choice, Quot.sound]
'Brockian.FrickeChannelAlgebra.projector_algebra' depends on axioms: [propext, Classical.choice, Quot.sound]
'Brockian.FrickeChannelAlgebra.fricke_parity' depends on axioms: [propext, Classical.choice, Quot.sound]
'Brockian.FrickeChannelAlgebra.channel_decomposition' depends on axioms: [propext, Classical.choice, Quot.sound]
'Brockian.FrickeChannelAlgebra.determinant_five' depends on axioms: [propext, Classical.choice, Quot.sound]
'Brockian.FrickeChannelAlgebra.local_channel_parity_five' depends on axioms: [propext, Quot.sound]
'Brockian.FrickeChannelAlgebra.even_channel_denominator_parity' depends on axioms: [propext,
 Classical.choice,
 Quot.sound]
'Brockian.FrickeChannelAlgebra.odd_channel_denominator_parity' depends on axioms: [propext,
 Classical.choice,
 Quot.sound]
'Brockian.FrickeChannelAlgebra.channels_of_constant_term' depends on axioms: [propext, Classical.choice, Quot.sound]
