'Brockian.CycleOperatorPolynomials.adjacency_mode' depends on axioms: [propext, Classical.choice, Quot.sound]
'Brockian.CycleOperatorPolynomials.annihilator_of_eigenvalues' depends on axioms: [propext,
 Classical.choice,
 Quot.sound]
'Brockian.CycleOperatorPolynomials.five_annihilator' depends on axioms: [propext, Classical.choice, Quot.sound]
'Brockian.CycleOperatorPolynomials.thirteen_annihilator' depends on axioms: [propext, Classical.choice, Quot.sound]
'Brockian.CycleOperatorPolynomials.five_operator_identity' depends on axioms: [propext, Classical.choice, Quot.sound]
'Brockian.CycleOperatorPolynomials.thirteen_operator_identity' depends on axioms: [propext,
 Classical.choice,
 Quot.sound]
'Brockian.CycleOperatorPolynomials.adjacencyMatrix_apply' depends on axioms: [propext, Classical.choice, Quot.sound]
'Brockian.CycleOperatorPolynomials.five_matrix_identity' depends on axioms: [propext, Classical.choice, Quot.sound]
'Brockian.CycleOperatorPolynomials.thirteen_matrix_identity' depends on axioms: [propext, Classical.choice, Quot.sound]
'Brockian.CycleOperatorPolynomials.integralAdjacencyMatrix_cast' depends on axioms: [propext,
 Classical.choice,
 Quot.sound]
'Brockian.CycleOperatorPolynomials.five_integral_matrix_identity' depends on axioms: [propext,
 Classical.choice,
 Quot.sound]
'Brockian.CycleOperatorPolynomials.thirteen_integral_matrix_identity' depends on axioms: [propext,
 Classical.choice,
 Quot.sound]
'Brockian.CycleOperatorPolynomials.five_quadratic_factor' depends on axioms: [propext, Classical.choice, Quot.sound]
'Brockian.CycleOperatorPolynomials.five_quadratic_factor_rank' depends on axioms: [propext,
 Classical.choice,
 Quot.sound]
