Brockian/WeylKatoRellichTransfer.lean:41:0: warning: automatically included section variable(s) unused in theorem `Brockian.Weyl.KatoRellichTransfer.boundedPerturbationTransfer_of_ranges_eq_univ`:
  [CompleteSpace H]
consider restructuring your `variable` declarations so that the variables are not in scope or explicitly omit them:
  omit [CompleteSpace H] in theorem ...

Note: This linter can be disabled with `set_option linter.unusedSectionVars false`
Brockian/WeylKatoRellichTransfer.lean:59:4: error: Function expected at
  EssentiallySelfAdjoint
but this term has type
  ?m.4

Note: Expected a function because this term is being applied to the argument
  (perturb T B)

Hint: The identifier `EssentiallySelfAdjoint` is unknown, and Lean's `autoImplicit` option causes an unknown identifier to be treated as an implicitly bound variable with an unknown type. However, the unknown type cannot be a function, and a function is what Lean expects here. This is often the result of a typo or a missing `import` or `open` statement.
Brockian/WeylKatoRellichTransfer.lean:127:4: error: Function expected at
  EssentiallySelfAdjoint
but this term has type
  ?m.4

Note: Expected a function because this term is being applied to the argument
  (perturb T B)

Hint: The identifier `EssentiallySelfAdjoint` is unknown, and Lean's `autoImplicit` option causes an unknown identifier to be treated as an implicitly bound variable with an unknown type. However, the unknown type cannot be a function, and a function is what Lean expects here. This is often the result of a typo or a missing `import` or `open` statement.
Brockian/WeylKatoRellichTransfer.lean:142:4: error: Function expected at
  EssentiallySelfAdjoint
but this term has type
  ?m.4

Note: Expected a function because this term is being applied to the argument
  (perturb T B)

Hint: The identifier `EssentiallySelfAdjoint` is unknown, and Lean's `autoImplicit` option causes an unknown identifier to be treated as an implicitly bound variable with an unknown type. However, the unknown type cannot be a function, and a function is what Lean expects here. This is often the result of a typo or a missing `import` or `open` statement.
Brockian/WeylKatoRellichTransfer.lean:158:4: error: Function expected at
  EssentiallySelfAdjoint
but this term has type
  ?m.4

Note: Expected a function because this term is being applied to the argument
  (perturb T B)

Hint: The identifier `EssentiallySelfAdjoint` is unknown, and Lean's `autoImplicit` option causes an unknown identifier to be treated as an implicitly bound variable with an unknown type. However, the unknown type cannot be a function, and a function is what Lean expects here. This is often the result of a typo or a missing `import` or `open` statement.
