Brockian/WeylSchrodingerESA.lean:93:24: warning: Variable name `hd` is not explicitly referenced.

The binding can be removed (if unused) or named `_` (if used implicitly).

Note: This linter can be disabled with `set_option linter.unusedVariables false`
Brockian/WeylSchrodingerESA.lean:101:16: warning: This simp argument is unused:
  neg_ne_zero

Hint: Omit it from the simp argument list.
  simp ̵[̵n̵e̵g̵_̵n̵e̵_̵z̵e̵r̵o̵]̵

Note: This linter can be disabled with `set_option linter.unusedSimpArgs false`
Brockian/WeylSchrodingerESA.lean:145:26: warning: Variable name `hVc` is not explicitly referenced.

The binding can be removed (if unused) or named `_` (if used implicitly).

Note: This linter can be disabled with `set_option linter.unusedVariables false`
Brockian/WeylSchrodingerESA.lean:145:55: warning: Variable name `hV` is not explicitly referenced.

The binding can be removed (if unused) or named `_` (if used implicitly).

Note: This linter can be disabled with `set_option linter.unusedVariables false`
Brockian/WeylSchrodingerESA.lean:146:15: warning: Variable name `hlam` is not explicitly referenced.

The binding can be removed (if unused) or named `_` (if used implicitly).

Note: This linter can be disabled with `set_option linter.unusedVariables false`
Brockian/WeylSchrodingerESA.lean:147:5: warning: Variable name `hy` is not explicitly referenced.

The binding can be removed (if unused) or named `_` (if used implicitly).

Note: This linter can be disabled with `set_option linter.unusedVariables false`
Brockian/WeylSchrodingerESA.lean:157:0: warning: Definition `gate1_chain_status` is a proposition; use `theorem` instead of `def`

Note: This linter can be disabled with `set_option linter.defProp false`
