Brockian/WeylKatoRellichScaffold.lean:55:0: warning: automatically included section variable(s) unused in theorem `Brockian.Weyl.KatoRellichScaffold.rightResolvent_perturb_of_factor_rightInverse`:
  [CompleteSpace H]
consider restructuring your `variable` declarations so that the variables are not in scope or explicitly omit them:
  omit [CompleteSpace H] in theorem ...

Note: This linter can be disabled with `set_option linter.unusedSectionVars false`
Brockian/WeylKatoRellichScaffold.lean:77:0: warning: automatically included section variable(s) unused in theorem `Brockian.Weyl.KatoRellichScaffold.rangeSMulSub_eq_univ_of_rightResolvent`:
  [CompleteSpace H]
consider restructuring your `variable` declarations so that the variables are not in scope or explicitly omit them:
  omit [CompleteSpace H] in theorem ...

Note: This linter can be disabled with `set_option linter.unusedSectionVars false`
Brockian/WeylKatoRellichScaffold.lean:138:0: warning: automatically included section variable(s) unused in theorem `Brockian.Weyl.KatoRellichScaffold.factorRightInverse_zero`:
  [CompleteSpace H]
consider restructuring your `variable` declarations so that the variables are not in scope or explicitly omit them:
  omit [CompleteSpace H] in theorem ...

Note: This linter can be disabled with `set_option linter.unusedSectionVars false`
Brockian/WeylKatoRellichScaffold.lean:141:8: warning: This simp argument is unused:
  CLMRightInverse

Hint: Omit it from the simp argument list.
  simp [C̵L̵M̵R̵i̵g̵h̵t̵I̵n̵v̵e̵r̵s̵e̵,̵ ̵katoFactor]

Note: This linter can be disabled with `set_option linter.unusedSimpArgs false`
