Brockian/WeylFreeLaplacian.lean:52:8: warning: automatically included section variable(s) unused in theorem `Brockian.Weyl.FreeLaplacian.conjCLM_apply`:
  [CompleteSpace H]
  [CompleteSpace K]
consider restructuring your `variable` declarations so that the variables are not in scope or explicitly omit them:
  omit [CompleteSpace H] [CompleteSpace K] in theorem ...

Note: This linter can be disabled with `set_option linter.unusedSectionVars false`
Brockian/WeylFreeLaplacian.lean:57:0: warning: automatically included section variable(s) unused in theorem `Brockian.Weyl.FreeLaplacian.inner_map_symm`:
  [CompleteSpace H]
  [CompleteSpace K]
consider restructuring your `variable` declarations so that the variables are not in scope or explicitly omit them:
  omit [CompleteSpace H] [CompleteSpace K] in theorem ...

Note: This linter can be disabled with `set_option linter.unusedSectionVars false`
Brockian/WeylFreeLaplacian.lean:62:0: warning: automatically included section variable(s) unused in theorem `Brockian.Weyl.FreeLaplacian.inner_symm_map`:
  [CompleteSpace H]
  [CompleteSpace K]
consider restructuring your `variable` declarations so that the variables are not in scope or explicitly omit them:
  omit [CompleteSpace H] [CompleteSpace K] in theorem ...

Note: This linter can be disabled with `set_option linter.unusedSectionVars false`
Brockian/WeylFreeLaplacian.lean:158:0: warning: automatically included section variable(s) unused in theorem `Brockian.Weyl.FreeLaplacian.dense_domain_vadd_clm`:
  [CompleteSpace H]
consider restructuring your `variable` declarations so that the variables are not in scope or explicitly omit them:
  omit [CompleteSpace H] in theorem ...

Note: This linter can be disabled with `set_option linter.unusedSectionVars false`
